// Jest Snapshot v1, https://goo.gl/fbAQLP

exports[`renders correctly 1`] = `
<div
  className="App"
>
  <div
    className="MuiBox-root css-1wabg6q"
  />
</div>
`;
